// Jest Snapshot v1, https://goo.gl/fbAQLP

exports[`Probando el componente RealExample deberia mostrarse correctamente 1`] = `
<div>
  <h1>
    RealExampleRef
  </h1>
  <hr />
  <button
    className="btn btn-primary"
    onClick={[Function]}
  >
    Hide
  </button>
</div>
`;
