// Jest Snapshot v1, https://goo.gl/fbAQLP

exports[`Probando el <Addcategorie/> Haciendo snapshot 1`] = `
<div>
  <form
    aria-label="form"
  >
    <p
      id="valor"
    >
       
      
       
    </p>
    <input
      type="text"
      value=""
    />
  </form>
</div>
`;
