// Jest Snapshot v1, https://goo.gl/fbAQLP

exports[`Primer test should 1`] = `
<Fragment>
  <h1>
     
    Hola xdxd
    !!! 
  </h1>
  <p>
    Soy un subtitulo
  </p>
</Fragment>
`;
